module1-advisor listening on :8080
2:36:03 PM [tsx] change in ./..\shared\dist\index.js Restarting...
cmodule1-advisor listening on :8080
2:36:45 PM [tsx] change in ./..\shared\dist\index.js Restarting...
cmodule1-advisor listening on :8080
4:13:21 PM [tsx] unlink in ./src\shared\http.ts Restarting...
c4:21:38 PM [tsx] change in ./src\contexts\ingestion\catalog.service.ts Rerunning...
c4:22:04 PM [tsx] change in ./src\routes.ts Rerunning...
c4:22:14 PM [tsx] change in ./src\app.ts Rerunning...
c4:25:47 PM [tsx] change in ./..\shared\dist\index.js Rerunning...
cmodule1-advisor listening on :8080
4:26:17 PM [tsx] change in ./src\contexts\sprint-review\sprint-review.service.ts Restarting...
cmodule1-advisor listening on :8080
4:26:29 PM [tsx] change in ./..\shared\dist\index.js Restarting...
cmodule1-advisor listening on :8080
4:30:42 PM [tsx] change in ./src\shared\auth.ts Restarting...
cmodule1-advisor listening on :8080
4:31:14 PM [tsx] change in ./..\shared\dist\index.js Restarting...
cmodule1-advisor listening on :8080
4:41:45 PM [tsx] unlink in ./src\shared\auth.ts Restarting...
cmodule1-advisor listening on :8080
4:42:04 PM [tsx] unlink in ./src\shared\config.ts Restarting...
c