$ tsx watch src/server.ts
C:\Users\adnan\Documents\AI hackathon-real\app\backend\src\routes.ts:2
  adminUserResponseSchema,
  ^
SyntaxError: The requested module '@module1/contracts' does not provide an export named 'adminUserResponseSchema'
    at #asyncInstantiate (node:internal/modules/esm/module_job:319:21)
    at async ModuleJob.run (node:internal/modules/esm/module_job:422:5)
    at async onImport.tracePromise.__proto__ (node:internal/modules/esm/loader:661:26)
    at async asyncRunEntryPointWithESMLoader (node:internal/modules/run_main:101:5)

Node.js v24.14.0
C:\Users\adnan\Documents\AI hackathon-real\app\backend\src\routes.ts:2
  adminUserResponseSchema,
  ^
SyntaxError: The requested module '@module1/contracts' does not provide an export named 'adminUserResponseSchema'
    at #asyncInstantiate (node:internal/modules/esm/module_job:319:21)
    at async ModuleJob.run (node:internal/modules/esm/module_job:422:5)
    at async onImport.tracePromise.__proto__ (node:internal/modules/esm/loader:661:26)
    at async asyncRunEntryPointWithESMLoader (node:internal/modules/run_main:101:5)

Node.js v24.14.0
C:\Users\adnan\Documents\AI hackathon-real\app\backend\src\routes.ts:2
  adminUserResponseSchema,
  ^
SyntaxError: The requested module '@module1/contracts' does not provide an export named 'adminUserResponseSchema'
    at #asyncInstantiate (node:internal/modules/esm/module_job:319:21)
    at async ModuleJob.run (node:internal/modules/esm/module_job:422:5)
    at async onImport.tracePromise.__proto__ (node:internal/modules/esm/loader:661:26)
    at async asyncRunEntryPointWithESMLoader (node:internal/modules/run_main:101:5)

Node.js v24.14.0
C:\Users\adnan\Documents\AI hackathon-real\app\backend\src\routes.ts:2
  adminUserResponseSchema,
  ^
SyntaxError: The requested module '@module1/contracts' does not provide an export named 'adminUserResponseSchema'
    at #asyncInstantiate (node:internal/modules/esm/module_job:319:21)
    at async ModuleJob.run (node:internal/modules/esm/module_job:422:5)
    at async onImport.tracePromise.__proto__ (node:internal/modules/esm/loader:661:26)
    at async asyncRunEntryPointWithESMLoader (node:internal/modules/run_main:101:5)

Node.js v24.14.0
C:\Users\adnan\Documents\AI hackathon-real\app\backend\src\app.ts:151
    throw new Error("GitHub state source is not configured. Set GITHUB_STATE_REPOSITORY or GITHUB_STATE_URL.");
          ^

Error: GitHub state source is not configured. Set GITHUB_STATE_REPOSITORY or GITHUB_STATE_URL.
    at createGitHubStateClient (C:\Users\adnan\Documents\AI hackathon-real\app\backend\src\app.ts:151:11)
    at createApp (C:\Users\adnan\Documents\AI hackathon-real\app\backend\src\app.ts:75:34)
    at async <anonymous> (C:\Users\adnan\Documents\AI hackathon-real\app\backend\src\server.ts:5:13)

Node.js v24.14.0
